//list2{
#
# 体裁入力ファイル
#

その他
    書名                "新規の書籍"
    組方向              横          # 指定項目：縦/横
    ページスタイル    	1         	# デフォルトのページ体裁番号
    トリガ定義ファイル  "Styles/triger.def"
    スタイルファイル    "Styles/ewb2latex.cls"
    PDFスタイルファイル "Styles/PDFstyle"
その他終り

頁サイズ
    仕上がりサイズ縦    257mm       # 単位：mm/歯/pt
    仕上がりサイズ横    182mm       # 単位：mm/歯/pt
    トップマージン      24.75mm     # 単位：mm/歯/pt
    のど側のマージン    23mm        # 単位：mm/歯/pt
頁サイズ終り

禁則
    禁則解除            無し        # 指定項目：有り/無し
    和欧文間スペース    有り        # 指定項目：有り/無し
禁則終り

本文タブ
    スペース        2               # 半角字数 タブ幅を指定
本文タブ終り

基本組
    書体            Ryumin-Light    # 和文書体
    変形            正体            # 指定項目：
                                    # 正体/かな/
                                    # 長体1/長体2/長体3/長体4/
                                    # 平体1/平体2/平体3/平体4/
                                    # 斜体1/斜体2/斜体3
    級数            13Q             # 単位：Q/pt
    字送り          13歯            # 単位：歯/pt/mm
    強調書体        GothicBBB-Medium    # 和文書体
    強調変形        正体            # 指定項目：
                                    # 正体/かな/
                                    # 長体1/長体2/長体3/長体4/
                                    # 平体1/平体2/平体3/平体4/
                                    # 斜体1/斜体2/斜体3
    強調級数        13Q             # 単位：Q/pt
    強調字送り      13歯            # 単位：歯/pt/mm
    欧文書体        PCTimes-Roman   # 欧文書体
    欧文級数        13Q             # 単位：Q/pt
    欧文ベースライン    0.03字
    欧文強調書体    PCHelvetica     # 欧文書体
            .
            .
            .
//}
